// Jest Snapshot v1, https://goo.gl/fbAQLP

exports[`<HeaderContainer /> should render correctly when authenticated 1`] = `
<HeaderContainer__HeaderWrapper>
  <Header
    fullWidth={true}
    homeLink="/"
    logo={[Function]}
    navigation={
      <React.Fragment>
        <ForwardRef(MenuItem)>
          <MenuButton
            forwardedAs={
              Object {
                "$$typeof": Symbol(react.forward_ref),
                "propTypes": Object {
                  "innerRef": [Function],
                  "onClick": [Function],
                  "replace": [Function],
                  "target": [Function],
                  "to": [Function],
                },
                "render": [Function],
              }
            }
            to="/"
          >
            Kaart
          </MenuButton>
        </ForwardRef(MenuItem)>
        <ForwardRef(MenuItem)>
          <MenuButton
            forwardedAs={
              Object {
                "$$typeof": Symbol(react.forward_ref),
                "propTypes": Object {
                  "innerRef": [Function],
                  "onClick": [Function],
                  "replace": [Function],
                  "target": [Function],
                  "to": [Function],
                },
                "render": [Function],
              }
            }
            to="/categories"
          >
            Type apparaten
          </MenuButton>
        </ForwardRef(MenuItem)>
        <ForwardRef(MenuItem)>
          <MenuButton
            forwardedAs={
              Object {
                "$$typeof": Symbol(react.forward_ref),
                "propTypes": Object {
                  "innerRef": [Function],
                  "onClick": [Function],
                  "replace": [Function],
                  "target": [Function],
                  "to": [Function],
                },
                "render": [Function],
              }
            }
            to="/about/faq"
          >
            Veelgevraagd
          </MenuButton>
        </ForwardRef(MenuItem)>
        <ForwardRef(MenuItem)>
          <MenuButton
            forwardedAs={
              Object {
                "$$typeof": Symbol(react.forward_ref),
                "propTypes": Object {
                  "innerRef": [Function],
                  "onClick": [Function],
                  "replace": [Function],
                  "target": [Function],
                  "to": [Function],
                },
                "render": [Function],
              }
            }
            to="/about"
          >
            Over dit register
          </MenuButton>
        </ForwardRef(MenuItem)>
      </React.Fragment>
    }
    tall={false}
    title="Register slimme apparaten"
  />
</HeaderContainer__HeaderWrapper>
`;
