// Jest Snapshot v1, https://goo.gl/fbAQLP

exports[`<HeaderContainer /> should render correctly when authenticated 1`] = `
<HeaderContainer__HeaderWrapper>
  <Header
    fullWidth={true}
    homeLink="/"
    logo={[Function]}
    navigation={
      <React.Fragment>
        <ForwardRef(MenuItem)>
          <MenuButton
            forwardedAs="a"
            href="/"
          >
            Kaart
          </MenuButton>
        </ForwardRef(MenuItem)>
        <ForwardRef(MenuItem)>
          <MenuButton
            forwardedAs="a"
            href="/categories"
          >
            Type apparaten
          </MenuButton>
        </ForwardRef(MenuItem)>
        <ForwardRef(MenuItem)>
          <MenuButton
            forwardedAs="a"
            href="/about/faq"
          >
            Veelgevraagd
          </MenuButton>
        </ForwardRef(MenuItem)>
        <ForwardRef(MenuItem)>
          <MenuButton
            forwardedAs="a"
            href="/about"
          >
            Over dit register
          </MenuButton>
        </ForwardRef(MenuItem)>
      </React.Fragment>
    }
    tall={false}
    title="Register slimme apparaten"
  />
</HeaderContainer__HeaderWrapper>
`;
