// Jest Snapshot v1, https://goo.gl/fbAQLP

exports[`<Footer /> should render correctly 1`] = `
<Styled(Footer)>
  <FooterTop>
    <Row
      debug={false}
      debugColor="rgba(51,102,153,0.75)"
      hasMargin={true}
    >
      <Column
        debug={false}
        debugColor="rgba(51,102,153,0.5)"
        order={0}
        push={0}
        span={
          Object {
            "big": 4,
            "large": 8,
            "medium": 2,
            "small": 1,
            "xLarge": 8,
          }
        }
        wrap={true}
      >
        <FooterToggle
          hideAt="tabletM"
          title="Disclaimer"
        >
          <FooterContent
            indent={true}
          >
            <DisclaimerLinks />
          </FooterContent>
        </FooterToggle>
        <FooterContent
          showAt="tabletM"
        >
          <FooterHeading
            $as="h3"
            forwardedAs="h3"
          >
            Disclaimer
          </FooterHeading>
          <DisclaimerLinks />
        </FooterContent>
      </Column>
    </Row>
  </FooterTop>
</Styled(Footer)>
`;
