// Jest Snapshot v1, https://goo.gl/fbAQLP

exports[`<Header /> should render correctly 1`] = `
<div
  className="header-component no-print"
>
  <NavLink
    className="header-link"
    to="/"
  >
    <img
      alt=""
      className="map-thumbnail"
      src="/assets/map-thumbnail.png"
    />
    <span
      className="header-title"
    >
      Register slimme apparaten
    </span>
  </NavLink>
</div>
`;
